

================================================================
== Vivado HLS Report for 'mm_entry616'
================================================================
* Date:           Thu Apr  8 15:56:15 2021

* Version:        2019.2 (Build 2704478 on Wed Nov 06 22:10:23 MST 2019)
* Project:        mm
* Solution:       solution
* Product family: virtexuplus
* Target device:  xcu200-fsgd2104-2-e


================================================================
== Performance Estimates
================================================================
+ Timing: 
    * Summary: 
    +--------+---------+----------+------------+
    |  Clock |  Target | Estimated| Uncertainty|
    +--------+---------+----------+------------+
    |ap_clk  | 3.33 ns | 1.217 ns |   0.90 ns  |
    +--------+---------+----------+------------+

+ Latency: 
    * Summary: 
    +---------+---------+----------+----------+-----+-----+---------+
    |  Latency (cycles) |  Latency (absolute) |  Interval | Pipeline|
    |   min   |   max   |    min   |    max   | min | max |   Type  |
    +---------+---------+----------+----------+-----+-----+---------+
    |        0|        0|   0 ns   |   0 ns   |    0|    0|   none  |
    +---------+---------+----------+----------+-----+-----+---------+

    + Detail: 
        * Instance: 
        N/A

        * Loop: 
        N/A



================================================================
== Utilization Estimates
================================================================
* Summary: 
+---------------------+---------+-------+---------+---------+-----+
|         Name        | BRAM_18K| DSP48E|    FF   |   LUT   | URAM|
+---------------------+---------+-------+---------+---------+-----+
|DSP                  |        -|      -|        -|        -|    -|
|Expression           |        -|      -|        0|        2|    -|
|FIFO                 |        -|      -|        -|        -|    -|
|Instance             |        -|      -|        -|        -|    -|
|Memory               |        -|      -|        -|        -|    -|
|Multiplexer          |        -|      -|        -|       63|    -|
|Register             |        -|      -|        3|        -|    -|
+---------------------+---------+-------+---------+---------+-----+
|Total                |        0|      0|        3|       65|    0|
+---------------------+---------+-------+---------+---------+-----+
|Available SLR        |     1440|   2280|   788160|   394080|  320|
+---------------------+---------+-------+---------+---------+-----+
|Utilization SLR (%)  |        0|      0|    ~0   |    ~0   |    0|
+---------------------+---------+-------+---------+---------+-----+
|Available            |     4320|   6840|  2364480|  1182240|  960|
+---------------------+---------+-------+---------+---------+-----+
|Utilization (%)      |        0|      0|    ~0   |    ~0   |    0|
+---------------------+---------+-------+---------+---------+-----+

+ Detail: 
    * Instance: 
    N/A

    * DSP48E: 
    N/A

    * Memory: 
    N/A

    * FIFO: 
    N/A

    * Expression: 
    +-----------------+----------+-------+---+----+------------+------------+
    |  Variable Name  | Operation| DSP48E| FF| LUT| Bitwidth P0| Bitwidth P1|
    +-----------------+----------+-------+---+----+------------+------------+
    |ap_block_state1  |    or    |      0|  0|   2|           1|           1|
    +-----------------+----------+-------+---+----+------------+------------+
    |Total            |          |      0|  0|   2|           1|           1|
    +-----------------+----------+-------+---+----+------------+------------+

    * Multiplexer: 
    +------------------+----+-----------+-----+-----------+
    |       Name       | LUT| Input Size| Bits| Total Bits|
    +------------------+----+-----------+-----+-----------+
    |AB_p_V_out_blk_n  |   9|          2|    1|          2|
    |A_p_V_out_blk_n   |   9|          2|    1|          2|
    |B_p_V_out_blk_n   |   9|          2|    1|          2|
    |N_out1_blk_n      |   9|          2|    1|          2|
    |N_out_blk_n       |   9|          2|    1|          2|
    |ap_done           |   9|          2|    1|          2|
    |real_start        |   9|          2|    1|          2|
    +------------------+----+-----------+-----+-----------+
    |Total             |  63|         14|    7|         14|
    +------------------+----+-----------+-----+-----------+

    * Register: 
    +----------------+---+----+-----+-----------+
    |      Name      | FF| LUT| Bits| Const Bits|
    +----------------+---+----+-----+-----------+
    |ap_CS_fsm       |  1|   0|    1|          0|
    |ap_done_reg     |  1|   0|    1|          0|
    |start_once_reg  |  1|   0|    1|          0|
    +----------------+---+----+-----+-----------+
    |Total           |  3|   0|    3|          0|
    +----------------+---+----+-----+-----------+



================================================================
== Interface
================================================================
* Summary: 
+-------------------+-----+-----+------------+--------------+--------------+
|     RTL Ports     | Dir | Bits|  Protocol  | Source Object|    C Type    |
+-------------------+-----+-----+------------+--------------+--------------+
|ap_clk             |  in |    1| ap_ctrl_hs |  mm.entry616 | return value |
|ap_rst             |  in |    1| ap_ctrl_hs |  mm.entry616 | return value |
|ap_start           |  in |    1| ap_ctrl_hs |  mm.entry616 | return value |
|start_full_n       |  in |    1| ap_ctrl_hs |  mm.entry616 | return value |
|ap_done            | out |    1| ap_ctrl_hs |  mm.entry616 | return value |
|ap_continue        |  in |    1| ap_ctrl_hs |  mm.entry616 | return value |
|ap_idle            | out |    1| ap_ctrl_hs |  mm.entry616 | return value |
|ap_ready           | out |    1| ap_ctrl_hs |  mm.entry616 | return value |
|start_out          | out |    1| ap_ctrl_hs |  mm.entry616 | return value |
|start_write        | out |    1| ap_ctrl_hs |  mm.entry616 | return value |
|N                  |  in |   32|   ap_none  |       N      |    scalar    |
|N_out_din          | out |   32|   ap_fifo  |     N_out    |    pointer   |
|N_out_full_n       |  in |    1|   ap_fifo  |     N_out    |    pointer   |
|N_out_write        | out |    1|   ap_fifo  |     N_out    |    pointer   |
|N_out1_din         | out |   32|   ap_fifo  |    N_out1    |    pointer   |
|N_out1_full_n      |  in |    1|   ap_fifo  |    N_out1    |    pointer   |
|N_out1_write       | out |    1|   ap_fifo  |    N_out1    |    pointer   |
|A_p_V              |  in |   64|   ap_none  |     A_p_V    |    scalar    |
|B_p_V              |  in |   64|   ap_none  |     B_p_V    |    scalar    |
|AB_p_V             |  in |   64|   ap_none  |    AB_p_V    |    scalar    |
|A_p_V_out_din      | out |   64|   ap_fifo  |   A_p_V_out  |    pointer   |
|A_p_V_out_full_n   |  in |    1|   ap_fifo  |   A_p_V_out  |    pointer   |
|A_p_V_out_write    | out |    1|   ap_fifo  |   A_p_V_out  |    pointer   |
|B_p_V_out_din      | out |   64|   ap_fifo  |   B_p_V_out  |    pointer   |
|B_p_V_out_full_n   |  in |    1|   ap_fifo  |   B_p_V_out  |    pointer   |
|B_p_V_out_write    | out |    1|   ap_fifo  |   B_p_V_out  |    pointer   |
|AB_p_V_out_din     | out |   64|   ap_fifo  |  AB_p_V_out  |    pointer   |
|AB_p_V_out_full_n  |  in |    1|   ap_fifo  |  AB_p_V_out  |    pointer   |
|AB_p_V_out_write   | out |    1|   ap_fifo  |  AB_p_V_out  |    pointer   |
+-------------------+-----+-----+------------+--------------+--------------+

